[     103ms] [INFO] %cDownload the React DevTools for a better development experience: https://react.dev/link/react-devtools font-weight:bold @ http://localhost:3000/_next/static/chunks/node_modules_next_dist_115brz8._.js:2431
[     121ms] [LOG] [HMR] connected @ http://localhost:3000/_next/static/chunks/node_modules_next_dist_115brz8._.js:2431
[     194ms] [WARNING] Image with src "/zenzakan/logo/logo.png" has "fill" but is missing "sizes" prop. Please add it to improve page performance. Read more: https://nextjs.org/docs/api-reference/next/image#sizes @ http://localhost:3000/_next/static/chunks/node_modules_next_dist_115brz8._.js:2431
[     194ms] [WARNING] Image with src "/zenzakan/logo/z.webp" has "fill" but is missing "sizes" prop. Please add it to improve page performance. Read more: https://nextjs.org/docs/api-reference/next/image#sizes @ http://localhost:3000/_next/static/chunks/node_modules_next_dist_115brz8._.js:2431
[     194ms] [WARNING] Image with src "/zenzakan/logo/e.webp" has "fill" but is missing "sizes" prop. Please add it to improve page performance. Read more: https://nextjs.org/docs/api-reference/next/image#sizes @ http://localhost:3000/_next/static/chunks/node_modules_next_dist_115brz8._.js:2431
[     194ms] [WARNING] Image with src "/zenzakan/logo/n.webp" has "fill" but is missing "sizes" prop. Please add it to improve page performance. Read more: https://nextjs.org/docs/api-reference/next/image#sizes @ http://localhost:3000/_next/static/chunks/node_modules_next_dist_115brz8._.js:2431
[     194ms] [WARNING] Image with src "/zenzakan/logo/Z1.webp" has "fill" but is missing "sizes" prop. Please add it to improve page performance. Read more: https://nextjs.org/docs/api-reference/next/image#sizes @ http://localhost:3000/_next/static/chunks/node_modules_next_dist_115brz8._.js:2431
[     194ms] [WARNING] Image with src "/zenzakan/logo/a.webp" has "fill" but is missing "sizes" prop. Please add it to improve page performance. Read more: https://nextjs.org/docs/api-reference/next/image#sizes @ http://localhost:3000/_next/static/chunks/node_modules_next_dist_115brz8._.js:2431
[     194ms] [WARNING] Image with src "/zenzakan/logo/k.webp" has "fill" but is missing "sizes" prop. Please add it to improve page performance. Read more: https://nextjs.org/docs/api-reference/next/image#sizes @ http://localhost:3000/_next/static/chunks/node_modules_next_dist_115brz8._.js:2431
[     194ms] [WARNING] Image with src "/zenzakan/logo/Pan.webp" has "fill" but is missing "sizes" prop. Please add it to improve page performance. Read more: https://nextjs.org/docs/api-reference/next/image#sizes @ http://localhost:3000/_next/static/chunks/node_modules_next_dist_115brz8._.js:2431
[     194ms] [WARNING] Image with src "/zenzakan/logo/Asian.webp" has "fill" but is missing "sizes" prop. Please add it to improve page performance. Read more: https://nextjs.org/docs/api-reference/next/image#sizes @ http://localhost:3000/_next/static/chunks/node_modules_next_dist_115brz8._.js:2431
[     194ms] [WARNING] Image with src "/zenzakan/logo/Supperclub.webp" has "fill" but is missing "sizes" prop. Please add it to improve page performance. Read more: https://nextjs.org/docs/api-reference/next/image#sizes @ http://localhost:3000/_next/static/chunks/node_modules_next_dist_115brz8._.js:2431
[     194ms] [WARNING] Image with src "/zenzakan/logo/katana-o.webp" has "fill" but is missing "sizes" prop. Please add it to improve page performance. Read more: https://nextjs.org/docs/api-reference/next/image#sizes @ http://localhost:3000/_next/static/chunks/node_modules_next_dist_115brz8._.js:2431
[     194ms] [WARNING] Image with src "/zenzakan/logo/katana-u.webp" has "fill" but is missing "sizes" prop. Please add it to improve page performance. Read more: https://nextjs.org/docs/api-reference/next/image#sizes @ http://localhost:3000/_next/static/chunks/node_modules_next_dist_115brz8._.js:2431
[  128161ms] [ERROR] ./app/zenzakan/_logo/LogoRing.tsx:50:45
Expected '</', got '}'
  48 |           height="900"
  49 |           preserveAspectRatio="xMidYMid meet"
> 50 |           {/* mask="url(#ringRevealMask)" */}
     |                                             ^
  51 |         />
  52 |       </svg>
  53 |     </div>

Parsing ecmascript source code failed

Import trace:
  Server Component:
    ./app/zenzakan/_logo/LogoRing.tsx
    ./app/zenzakan/_logo/ZenzakanLogo.tsx
    ./app/zenzakan/_sections/HeroSection.tsx
    ./app/zenzakan/page.tsx @ http://localhost:3000/_next/static/chunks/node_modules_next_dist_115brz8._.js:3272
[  128244ms] [ERROR] ./app/zenzakan/_logo/LogoRing.tsx:50:45
Expected '</', got '}'
  48 |           height="900"
  49 |           preserveAspectRatio="xMidYMid meet"
> 50 |           {/* mask="url(#ringRevealMask)" */}
     |                                             ^
  51 |         />
  52 |       </svg>
  53 |     </div>

Parsing ecmascript source code failed

Import trace:
  Server Component:
    ./app/zenzakan/_logo/LogoRing.tsx
    ./app/zenzakan/_logo/ZenzakanLogo.tsx
    ./app/zenzakan/_sections/HeroSection.tsx
    ./app/zenzakan/page.tsx @ http://localhost:3000/_next/static/chunks/node_modules_next_dist_115brz8._.js:3272
[  128284ms] [LOG] [Fast Refresh] rebuilding @ http://localhost:3000/_next/static/chunks/node_modules_next_dist_115brz8._.js:2431
[  134958ms] [LOG] [Fast Refresh] rebuilding @ http://localhost:3000/_next/static/chunks/node_modules_next_dist_115brz8._.js:2431
[  134993ms] [LOG] [Fast Refresh] done in 28ms @ http://localhost:3000/_next/static/chunks/node_modules_next_dist_115brz8._.js:2431
